Installing dependencies...
Hit:1 http://mirrors.aliyun.com/debian bookworm InRelease
Hit:2 https://deb.nodesource.com/node_20.x nodistro InRelease
Get:3 http://mirrors.aliyun.com/debian-security bookworm-security InRelease [34.8 kB]
Get:4 http://mirrors.aliyun.com/debian bookworm-updates InRelease [55.4 kB]
Get:5 http://mirrors.aliyun.com/debian-security bookworm-security/main amd64 Packages [349 kB]
Fetched 439 kB in 1s (621 kB/s)
Reading package lists...
Reading package lists...
Building dependency tree...
Reading state information...
libasound2 is already the newest version (1.2.8-1+b1).
libatk-bridge2.0-0 is already the newest version (2.46.0-5).
libatk1.0-0 is already the newest version (2.46.0-5).
libatspi2.0-0 is already the newest version (2.46.0-5).
libcairo2 is already the newest version (1.16.0-7).
libcups2 is already the newest version (2.4.2-3+deb12u9).
libdbus-1-3 is already the newest version (1.14.10-1~deb12u1).
libdrm2 is already the newest version (2.4.114-1+b1).
libgbm1 is already the newest version (22.3.6-1+deb12u2).
libglib2.0-0 is already the newest version (2.74.6-2+deb12u9).
libnspr4 is already the newest version (2:4.35-1).
libnss3 is already the newest version (2:3.87.1-1+deb12u4).
libpango-1.0-0 is already the newest version (1.50.12+ds-1).
libx11-6 is already the newest version (2:1.8.4-2+deb12u2).
libxcb1 is already the newest version (1.15-1).
libxcomposite1 is already the newest version (1:0.4.5-1).
libxdamage1 is already the newest version (1:1.1.6-1).
libxext6 is already the newest version (2:1.3.4-1+b1).
libxfixes3 is already the newest version (1:6.0.0-2).
libxkbcommon0 is already the newest version (1.5.0-1).
libxrandr2 is already the newest version (2:1.5.2-2+b1).
xvfb is already the newest version (2:21.1.7-3+deb12u13).
fonts-noto-color-emoji is already the newest version (2.042-0+deb12u1).
fonts-unifont is already the newest version (1:15.0.01-2).
libfontconfig1 is already the newest version (2.14.1-4).
libfreetype6 is already the newest version (2.12.1+dfsg-5+deb12u4).
xfonts-scalable is already the newest version (1:1.0.3-1.3).
fonts-liberation is already the newest version (1:1.07.4-11).
fonts-ipafont-gothic is already the newest version (00303-23).
fonts-wqy-zenhei is already the newest version (0.9.45-8).
fonts-tlwg-loma-otf is already the newest version (1:0.7.3-1).
fonts-freefont-ttf is already the newest version (20120503-10).
0 upgraded, 0 newly installed, 0 to remove and 50 not upgraded.
Removing unused browser at /root/.cache/ms-playwright/chromium-1234
Removing unused browser at /root/.cache/ms-playwright/ffmpeg-1011
Downloading Chromium 125.0.6422.26 (playwright build v1117)[2m from https://playwright.azureedge.net/builds/chromium/1117/chromium-linux.zip[22m
|                                                                                |   0% of 156.8 MiB
|■■■■■■■■                                                                        |  10% of 156.8 MiB
|■■■■■■■■■■■■■■■■                                                                |  20% of 156.8 MiB
|■■■■■■■■■■■■■■■■■■■■■■■■                                                        |  30% of 156.8 MiB
|■■■■■■■■■■■■■■■■■■■■■■■■■■■■■■■■                                                |  40% of 156.8 MiB
|■■■■■■■■■■■■■■■■■■■■■■■■■■■■■■■■■■■■■■■■                                        |  50% of 156.8 MiB
|■■■■■■■■■■■■■■■■■■■■■■■■■■■■■■■■■■■■■■■■■■■■■■■■                                |  60% of 156.8 MiB
|■■■■■■■■■■■■■■■■■■■■■■■■■■■■■■■■■■■■■■■■■■■■■■■■■■■■■■■■                        |  70% of 156.8 MiB
|■■■■■■■■■■■■■■■■■■■■■■■■■■■■■■■■■■■■■■■■■■■■■■■■■■■■■■■■■■■■■■■■                |  80% of 156.8 MiB
|■■■■■■■■■■■■■■■■■■■■■■■■■■■■■■■■■■■■■■■■■■■■■■■■■■■■■■■■■■■■■■■■■■■■■■■■        |  90% of 156.8 MiB
|■■■■■■■■■■■■■■■■■■■■■■■■■■■■■■■■■■■■■■■■■■■■■■■■■■■■■■■■■■■■■■■■■■■■■■■■■■■■■■■■| 100% of 156.8 MiB
Chromium 125.0.6422.26 (playwright build v1117) downloaded to /root/.cache/ms-playwright/chromium-1117
Downloading FFMPEG playwright build v1009[2m from https://playwright.azureedge.net/builds/ffmpeg/1009/ffmpeg-linux.zip[22m
|                                                                                |   0% of 2.6 MiB
|■■■■■■■■                                                                        |  10% of 2.6 MiB
|■■■■■■■■■■■■■■■■                                                                |  20% of 2.6 MiB
|■■■■■■■■■■■■■■■■■■■■■■■■                                                        |  30% of 2.6 MiB
|■■■■■■■■■■■■■■■■■■■■■■■■■■■■■■■■                                                |  40% of 2.6 MiB
|■■■■■■■■■■■■■■■■■■■■■■■■■■■■■■■■■■■■■■■■                                        |  50% of 2.6 MiB
|■■■■■■■■■■■■■■■■■■■■■■■■■■■■■■■■■■■■■■■■■■■■■■■■                                |  60% of 2.6 MiB
|■■■■■■■■■■■■■■■■■■■■■■■■■■■■■■■■■■■■■■■■■■■■■■■■■■■■■■■■                        |  70% of 2.6 MiB
|■■■■■■■■■■■■■■■■■■■■■■■■■■■■■■■■■■■■■■■■■■■■■■■■■■■■■■■■■■■■■■■■                |  80% of 2.6 MiB
|■■■■■■■■■■■■■■■■■■■■■■■■■■■■■■■■■■■■■■■■■■■■■■■■■■■■■■■■■■■■■■■■■■■■■■■■        |  90% of 2.6 MiB
|■■■■■■■■■■■■■■■■■■■■■■■■■■■■■■■■■■■■■■■■■■■■■■■■■■■■■■■■■■■■■■■■■■■■■■■■■■■■■■■■| 100% of 2.6 MiB
FFMPEG playwright build v1009 downloaded to /root/.cache/ms-playwright/ffmpeg-1009
